*** EVALUATION ************************************************************************************************
*********************************************************************************************
LINKING FAILED
The linking process failed in some stage.
Depending on the phase the linker failed, part of the information contained in this map file may be inaccurate or wrong.
If the linking failed before the allocation phase finished, then the addresses might be inaccurate.
Also summary information like the code size is likely to be misleading.
---------------------------------------------------------------------------------------------
---------------------------------------------------------------------------------------------

PROGRAM "HCU_V0.01.abs"

*********************************************************************************************
TARGET SECTION
---------------------------------------------------------------------------------------------
Processor   : Freescale HC08
Memory Model: SMALL
File Format : ELF\DWARF 2.0
Linker      : SmartLinker V-5.0.51 Build 14019, Jan 20 2014

*********************************************************************************************
FILE SECTION
---------------------------------------------------------------------------------------------
Events_c.obj                            Model: SMALL,         Lang: ANSI-C
main_c.obj                              Model: SMALL,         Lang: ANSI-C
start08_c.obj                           Model: SMALL,         Lang: ANSI-C
ADCH_c.obj                              Model: SMALL,         Lang: ANSI-C
CAN_c.obj                               Model: SMALL,         Lang: ANSI-C
Cpu_c.obj                               Model: SMALL,         Lang: ANSI-C
IO_Map_c.obj                            Model: SMALL,         Lang: ANSI-C
SPI_c.obj                               Model: SMALL,         Lang: ANSI-C
TI_10ms_c.obj                           Model: SMALL,         Lang: ANSI-C
TI_1ms_c.obj                            Model: SMALL,         Lang: ANSI-C
Vectors_c.obj                           Model: SMALL,         Lang: ANSI-C
StateMachineManagement_c.obj            Model: SMALL,         Lang: ANSI-C
SysParameters_c.obj                     Model: SMALL,         Lang: ANSI-C
TaskSchedule_c.obj                      Model: SMALL,         Lang: ANSI-C
rtshc08.o (ansiis.lib)                  Model: SMALL,         Lang: ANSI-C

*********************************************************************************************
STARTUP SECTION
---------------------------------------------------------------------------------------------
Entry point: 0x1904 (_EntryPoint)
_startupData is allocated at 0x1A1F and uses 6 Bytes
extern struct _tagStartup {
  unsigned nofZeroOut     1
  _Range   pZeroOut       0xA0     212
  _Copy    *toCopyDownBeg 0x30FA
} _startupData;

*********************************************************************************************
SECTION-ALLOCATION SECTION
Section Name                    Size  Type     From       To       Segment
---------------------------------------------------------------------------------------------
.data                             12   R/W       0xA0       0xAB   RAM
.text                           5641     R     0x1A2D     0x3035   ROM
.rodata                          196     R     0x3036     0x30F9   ROM
.abs_section_ffbd                  1     R     0xFFBD     0xFFBD   .absSeg0
.abs_section_ffbf                  1     R     0xFFBF     0xFFBF   .absSeg1
.abs_section_0                     1   N/I        0x0        0x0   .absSeg2
.abs_section_1                     1   N/I        0x1        0x1   .absSeg3
.abs_section_2                     1   N/I        0x2        0x2   .absSeg4
.abs_section_3                     1   N/I        0x3        0x3   .absSeg5
.abs_section_4                     1   N/I        0x4        0x4   .absSeg6
.abs_section_5                     1   N/I        0x5        0x5   .absSeg7
.abs_section_6                     1   N/I        0x6        0x6   .absSeg8
.abs_section_7                     1   N/I        0x7        0x7   .absSeg9
.abs_section_8                     1   N/I        0x8        0x8   .absSeg10
.abs_section_9                     1   N/I        0x9        0x9   .absSeg11
.abs_section_a                     1   N/I        0xA        0xA   .absSeg12
.abs_section_b                     1   N/I        0xB        0xB   .absSeg13
.abs_section_c                     1   N/I        0xC        0xC   .absSeg14
.abs_section_d                     1   N/I        0xD        0xD   .absSeg15
.abs_section_e                     1   N/I        0xE        0xE   .absSeg16
.abs_section_f                     1   N/I        0xF        0xF   .absSeg17
.abs_section_10                    1   N/I       0x10       0x10   .absSeg18
.abs_section_11                    1   N/I       0x11       0x11   .absSeg19
.abs_section_16                    1   N/I       0x16       0x16   .absSeg20
.abs_section_17                    1   N/I       0x17       0x17   .absSeg21
.abs_section_18                    1   N/I       0x18       0x18   .absSeg22
.abs_section_19                    1   N/I       0x19       0x19   .absSeg23
.abs_section_1c                    1   N/I       0x1C       0x1C   .absSeg24
.abs_section_20                    1   N/I       0x20       0x20   .absSeg25
.abs_section_25                    1   N/I       0x25       0x25   .absSeg26
.abs_section_28                    1   N/I       0x28       0x28   .absSeg27
.abs_section_2b                    1   N/I       0x2B       0x2B   .absSeg28
.abs_section_2e                    1   N/I       0x2E       0x2E   .absSeg29
.abs_section_31                    1   N/I       0x31       0x31   .absSeg30
.abs_section_34                    1   N/I       0x34       0x34   .absSeg31
.abs_section_3a                    1   N/I       0x3A       0x3A   .absSeg32
.abs_section_3b                    1   N/I       0x3B       0x3B   .absSeg33
.abs_section_3c                    1   N/I       0x3C       0x3C   .absSeg34
.abs_section_3d                    1   N/I       0x3D       0x3D   .absSeg35
.abs_section_3e                    1   N/I       0x3E       0x3E   .absSeg36
.abs_section_3f                    1   N/I       0x3F       0x3F   .absSeg37
.abs_section_42                    1   N/I       0x42       0x42   .absSeg38
.abs_section_43                    1   N/I       0x43       0x43   .absSeg39
.abs_section_44                    1   N/I       0x44       0x44   .absSeg40
.abs_section_45                    1   N/I       0x45       0x45   .absSeg41
.abs_section_46                    1   N/I       0x46       0x46   .absSeg42
.abs_section_47                    1   N/I       0x47       0x47   .absSeg43
.abs_section_48                    1   N/I       0x48       0x48   .absSeg44
.abs_section_49                    1   N/I       0x49       0x49   .absSeg45
.abs_section_4a                    1   N/I       0x4A       0x4A   .absSeg46
.abs_section_4b                    1   N/I       0x4B       0x4B   .absSeg47
.abs_section_4c                    1   N/I       0x4C       0x4C   .absSeg48
.abs_section_50                    1   N/I       0x50       0x50   .absSeg49
.abs_section_51                    1   N/I       0x51       0x51   .absSeg50
.abs_section_52                    1   N/I       0x52       0x52   .absSeg51
.abs_section_53                    1   N/I       0x53       0x53   .absSeg52
.abs_section_55                    1   N/I       0x55       0x55   .absSeg53
.abs_section_58                    1   N/I       0x58       0x58   .absSeg54
.abs_section_59                    1   N/I       0x59       0x59   .absSeg55
.abs_section_5a                    1   N/I       0x5A       0x5A   .absSeg56
.abs_section_5b                    1   N/I       0x5B       0x5B   .absSeg57
.abs_section_5c                    1   N/I       0x5C       0x5C   .absSeg58
.abs_section_5d                    1   N/I       0x5D       0x5D   .absSeg59
.abs_section_60                    1   N/I       0x60       0x60   .absSeg60
.abs_section_65                    1   N/I       0x65       0x65   .absSeg61
.abs_section_68                    1   N/I       0x68       0x68   .absSeg62
.abs_section_6c                    1   N/I       0x6C       0x6C   .absSeg63
.abs_section_6d                    1   N/I       0x6D       0x6D   .absSeg64
.abs_section_6e                    1   N/I       0x6E       0x6E   .absSeg65
.abs_section_1800                  1   N/I     0x1800     0x1800   .absSeg66
.abs_section_1801                  1   N/I     0x1801     0x1801   .absSeg67
.abs_section_1802                  1   N/I     0x1802     0x1802   .absSeg68
.abs_section_1803                  1   N/I     0x1803     0x1803   .absSeg69
.abs_section_1809                  1   N/I     0x1809     0x1809   .absSeg70
.abs_section_180a                  1   N/I     0x180A     0x180A   .absSeg71
.abs_section_1816                  1   N/I     0x1816     0x1816   .absSeg72
.abs_section_1817                  1   N/I     0x1817     0x1817   .absSeg73
.abs_section_1818                  1   N/I     0x1818     0x1818   .absSeg74
.abs_section_1820                  1   N/I     0x1820     0x1820   .absSeg75
.abs_section_1821                  1   N/I     0x1821     0x1821   .absSeg76
.abs_section_1823                  1   N/I     0x1823     0x1823   .absSeg77
.abs_section_1824                  1   N/I     0x1824     0x1824   .absSeg78
.abs_section_1825                  1   N/I     0x1825     0x1825   .absSeg79
.abs_section_1826                  1   N/I     0x1826     0x1826   .absSeg80
.abs_section_1840                  1   N/I     0x1840     0x1840   .absSeg81
.abs_section_1841                  1   N/I     0x1841     0x1841   .absSeg82
.abs_section_1842                  1   N/I     0x1842     0x1842   .absSeg83
.abs_section_1844                  1   N/I     0x1844     0x1844   .absSeg84
.abs_section_1845                  1   N/I     0x1845     0x1845   .absSeg85
.abs_section_1846                  1   N/I     0x1846     0x1846   .absSeg86
.abs_section_1848                  1   N/I     0x1848     0x1848   .absSeg87
.abs_section_1849                  1   N/I     0x1849     0x1849   .absSeg88
.abs_section_184a                  1   N/I     0x184A     0x184A   .absSeg89
.abs_section_184c                  1   N/I     0x184C     0x184C   .absSeg90
.abs_section_184d                  1   N/I     0x184D     0x184D   .absSeg91
.abs_section_184e                  1   N/I     0x184E     0x184E   .absSeg92
.abs_section_1850                  1   N/I     0x1850     0x1850   .absSeg93
.abs_section_1851                  1   N/I     0x1851     0x1851   .absSeg94
.abs_section_1852                  1   N/I     0x1852     0x1852   .absSeg95
.abs_section_1858                  1   N/I     0x1858     0x1858   .absSeg96
.abs_section_1859                  1   N/I     0x1859     0x1859   .absSeg97
.abs_section_185a                  1   N/I     0x185A     0x185A   .absSeg98
.abs_section_185c                  1   N/I     0x185C     0x185C   .absSeg99
.abs_section_185d                  1   N/I     0x185D     0x185D   .absSeg100
.abs_section_185e                  1   N/I     0x185E     0x185E   .absSeg101
.abs_section_1860                  1   N/I     0x1860     0x1860   .absSeg102
.abs_section_1861                  1   N/I     0x1861     0x1861   .absSeg103
.abs_section_1862                  1   N/I     0x1862     0x1862   .absSeg104
.abs_section_1868                  1   N/I     0x1868     0x1868   .absSeg105
.abs_section_1869                  1   N/I     0x1869     0x1869   .absSeg106
.abs_section_186a                  1   N/I     0x186A     0x186A   .absSeg107
.abs_section_1870                  1   N/I     0x1870     0x1870   .absSeg108
.abs_section_1871                  1   N/I     0x1871     0x1871   .absSeg109
.abs_section_1872                  1   N/I     0x1872     0x1872   .absSeg110
.abs_section_1880                  1   N/I     0x1880     0x1880   .absSeg111
.abs_section_1881                  1   N/I     0x1881     0x1881   .absSeg112
.abs_section_1882                  1   N/I     0x1882     0x1882   .absSeg113
.abs_section_1883                  1   N/I     0x1883     0x1883   .absSeg114
.abs_section_1884                  1   N/I     0x1884     0x1884   .absSeg115
.abs_section_1885                  1   N/I     0x1885     0x1885   .absSeg116
.abs_section_1886                  1   N/I     0x1886     0x1886   .absSeg117
.abs_section_1887                  1   N/I     0x1887     0x1887   .absSeg118
.abs_section_1888                  1   N/I     0x1888     0x1888   .absSeg119
.abs_section_1889                  1   N/I     0x1889     0x1889   .absSeg120
.abs_section_188a                  1   N/I     0x188A     0x188A   .absSeg121
.abs_section_188b                  1   N/I     0x188B     0x188B   .absSeg122
.abs_section_188d                  1   N/I     0x188D     0x188D   .absSeg123
.abs_section_188e                  1   N/I     0x188E     0x188E   .absSeg124
.abs_section_188f                  1   N/I     0x188F     0x188F   .absSeg125
.abs_section_1890                  1   N/I     0x1890     0x1890   .absSeg126
.abs_section_1891                  1   N/I     0x1891     0x1891   .absSeg127
.abs_section_1892                  1   N/I     0x1892     0x1892   .absSeg128
.abs_section_1893                  1   N/I     0x1893     0x1893   .absSeg129
.abs_section_1894                  1   N/I     0x1894     0x1894   .absSeg130
.abs_section_1895                  1   N/I     0x1895     0x1895   .absSeg131
.abs_section_1896                  1   N/I     0x1896     0x1896   .absSeg132
.abs_section_1897                  1   N/I     0x1897     0x1897   .absSeg133
.abs_section_1898                  1   N/I     0x1898     0x1898   .absSeg134
.abs_section_1899                  1   N/I     0x1899     0x1899   .absSeg135
.abs_section_189a                  1   N/I     0x189A     0x189A   .absSeg136
.abs_section_189b                  1   N/I     0x189B     0x189B   .absSeg137
.abs_section_189c                  1   N/I     0x189C     0x189C   .absSeg138
.abs_section_189d                  1   N/I     0x189D     0x189D   .absSeg139
.abs_section_189e                  1   N/I     0x189E     0x189E   .absSeg140
.abs_section_189f                  1   N/I     0x189F     0x189F   .absSeg141
.abs_section_18a4                  1   N/I     0x18A4     0x18A4   .absSeg142
.abs_section_18a5                  1   N/I     0x18A5     0x18A5   .absSeg143
.abs_section_18a6                  1   N/I     0x18A6     0x18A6   .absSeg144
.abs_section_18a7                  1   N/I     0x18A7     0x18A7   .absSeg145
.abs_section_18a8                  1   N/I     0x18A8     0x18A8   .absSeg146
.abs_section_18a9                  1   N/I     0x18A9     0x18A9   .absSeg147
.abs_section_18aa                  1   N/I     0x18AA     0x18AA   .absSeg148
.abs_section_18ab                  1   N/I     0x18AB     0x18AB   .absSeg149
.abs_section_18ac                  1   N/I     0x18AC     0x18AC   .absSeg150
.abs_section_18b4                  1   N/I     0x18B4     0x18B4   .absSeg151
.abs_section_18b5                  1   N/I     0x18B5     0x18B5   .absSeg152
.abs_section_18b6                  1   N/I     0x18B6     0x18B6   .absSeg153
.abs_section_18b7                  1   N/I     0x18B7     0x18B7   .absSeg154
.abs_section_18b8                  1   N/I     0x18B8     0x18B8   .absSeg155
.abs_section_18b9                  1   N/I     0x18B9     0x18B9   .absSeg156
.abs_section_18ba                  1   N/I     0x18BA     0x18BA   .absSeg157
.abs_section_18bb                  1   N/I     0x18BB     0x18BB   .absSeg158
.abs_section_18bc                  1   N/I     0x18BC     0x18BC   .absSeg159
.abs_section_18bd                  1   N/I     0x18BD     0x18BD   .absSeg160
.abs_section_12                    2   N/I       0x12       0x13   .absSeg161
.abs_section_14                    2   N/I       0x14       0x15   .absSeg162
.abs_section_21                    2   N/I       0x21       0x22   .absSeg163
.abs_section_23                    2   N/I       0x23       0x24   .absSeg164
.abs_section_26                    2   N/I       0x26       0x27   .absSeg165
.abs_section_29                    2   N/I       0x29       0x2A   .absSeg166
.abs_section_2c                    2   N/I       0x2C       0x2D   .absSeg167
.abs_section_2f                    2   N/I       0x2F       0x30   .absSeg168
.abs_section_32                    2   N/I       0x32       0x33   .absSeg169
.abs_section_35                    2   N/I       0x35       0x36   .absSeg170
.abs_section_38                    2   N/I       0x38       0x39   .absSeg171
.abs_section_40                    2   N/I       0x40       0x41   .absSeg172
.abs_section_61                    2   N/I       0x61       0x62   .absSeg173
.abs_section_63                    2   N/I       0x63       0x64   .absSeg174
.abs_section_66                    2   N/I       0x66       0x67   .absSeg175
.abs_section_69                    2   N/I       0x69       0x6A   .absSeg176
.abs_section_1806                  2   N/I     0x1806     0x1807   .absSeg177
.abs_section_1810                  2   N/I     0x1810     0x1811   .absSeg178
.abs_section_1812                  2   N/I     0x1812     0x1813   .absSeg179
.abs_section_1814                  2   N/I     0x1814     0x1815   .absSeg180
.abs_section_18ae                  2   N/I     0x18AE     0x18AF   .absSeg181
.abs_section_18be                  2   N/I     0x18BE     0x18BF   .absSeg182
.abs_section_18a0                  4   N/I     0x18A0     0x18A3   .absSeg183
.abs_section_18b0                  4   N/I     0x18B0     0x18B3   .absSeg184
.abs_section_ffc0                 64     R     0xFFC0     0xFFFF   .absSeg185
.bss                              58   R/W       0xAC       0xE5   RAM
.startData                        14     R     0x1A1F     0x1A2C   ROM
.init                            287     R     0x1900     0x1A1E   ROM
.common                          142   R/W       0xE6      0x173   RAM
.stack                           128   R/W      0x174      0x1F3   RAM
.copy                             18     R     0x30FA     0x310B   ROM

Summary of section sizes per section type:
READ_ONLY (R):        184E (dec:     6222)
READ_WRITE (R/W):      154 (dec:      340)
NO_INIT (N/I):          D3 (dec:      211)

*********************************************************************************************
VECTOR-ALLOCATION SECTION
    Address     InitValue   InitFunction
---------------------------------------------------------------------------------------------

*********************************************************************************************
OBJECT-ALLOCATION SECTION
     Name               Module                 Addr   hSize   dSize     Ref    Section   RLIB
---------------------------------------------------------------------------------------------
MODULE:                 -- Events_c.obj --
- PROCEDURES:
     ADCH_OnEnd                                1A2D      24      36       0   .text       
     CAN_OnFreeTxBuffer                        1A51      A8     168       0   .text       
     CAN_OnFullRxBuffer                        1AF9       3       3       0   .text       
     CAN_OnBusOff                              1AFC       6       6       0   .text       
     TI_1ms_OnInterrupt                        1B02      1A      26       0   .text       
     TI_10ms_OnInterrupt                       1B1C      1B      27       0   .text       
- VARIABLES:
     watchpoint                                  AC       1       1       0   .bss        
MODULE:                 -- main_c.obj --
- PROCEDURES:
     main                                      1B37      16      22       0   .text       
- VARIABLES:
MODULE:                 -- start08_c.obj --
- PROCEDURES:
     loadByte                                  1B4D       E      14       0   .text       
     Init                                      1B5B      6D     109       0   .text       
     _Startup                                  1BC8       9       9       0   .text       
- VARIABLES:
     _startupData                              1A1F       6       6       0   .startData  
- LABELS:
     __SEG_END_SSTACK                           1F4       0       0       0               
MODULE:                 -- ADCH_c.obj --
- PROCEDURES:
     ADCH_Interrupt                            1BD1     115     277       0   .text       
     ClrSumV                                   1CE6      33      51       0   .text       
     ADCH_HWEnDi                               1D19      24      36       0   .text       
     ADCH_Start                                1D3D      19      25       0   .text       
     ADCH_Stop                                 1D56      11      17       0   .text       
     ADCH_GetValue                             1D67      FF     255       0   .text       
     ADCH_Init                                 1E66      17      23       0   .text       
- VARIABLES:
     Channels                                  3036      10      16       0   .rodata     
     EnUser                                      AD       1       1       0   .bss        
     OutFlg                                      AE       1       1       0   .bss        
     SumChan                                     AF       1       1       0   .bss        
     ModeFlg                                     B0       1       1       0   .bss        
     SumCnt                                      B1       1       1       0   .bss        
     ADCH_SumV                                   E6      20      32       0   .common     
     ADCH_OutV                                  106      20      32       0   .common     
MODULE:                 -- CAN_c.obj --
- PROCEDURES:
     CAN_SetAcceptanceCode                     1E7D      74     116       0   .text       
     CAN_SendFrameExt                          1EF1     145     325       0   .text       
     CAN_ReadFrame                             2036     107     263       0   .text       
     CAN_Init                                  213D      76     118       0   .text       
     CAN_SetAcceptanceMask                     21B3      74     116       0   .text       
     CAN_InterruptTx                           2227      17      23       0   .text       
     CAN_InterruptRx                           223E      28      40       0   .text       
     CAN_InterruptError                        2266      35      53       0   .text       
- VARIABLES:
     ErrFlag                                     B2       1       1       0   .bss        
     SerFlag                                     B3       1       1       0   .bss        
MODULE:                 -- Cpu_c.obj --
- PROCEDURES:
     Cpu_Interrupt                             1900       4       4       0   .init       
     _EntryPoint                               1904      74     116       0   .init       
     PE_low_level_init                         1978      A7     167       0   .init       
- VARIABLES:
     NVPROT_INIT                               FFBD       1       1       0   .abs_section_ffbd
     NVOPT_INIT                                FFBF       1       1       0   .abs_section_ffbf
     CCR_reg                                    126       1       1       0   .common     
     CCR_lock                                   127       1       1       0   .common     
MODULE:                 -- IO_Map_c.obj --
- PROCEDURES:
- VARIABLES:
     _PTAD                                        0       1       1       0   .abs_section_0
     _PTADD                                       1       1       1       0   .abs_section_1
     _PTBD                                        2       1       1       0   .abs_section_2
     _PTBDD                                       3       1       1       0   .abs_section_3
     _PTCD                                        4       1       1       0   .abs_section_4
     _PTCDD                                       5       1       1       0   .abs_section_5
     _PTDD                                        6       1       1       0   .abs_section_6
     _PTDDD                                       7       1       1       0   .abs_section_7
     _PTED                                        8       1       1       0   .abs_section_8
     _PTEDD                                       9       1       1       0   .abs_section_9
     _PTFD                                        A       1       1       0   .abs_section_a
     _PTFDD                                       B       1       1       0   .abs_section_b
     _PTGD                                        C       1       1       0   .abs_section_c
     _PTGDD                                       D       1       1       0   .abs_section_d
     _ACMP1SC                                     E       1       1       0   .abs_section_e
     _ACMP2SC                                     F       1       1       0   .abs_section_f
     _ADCSC1                                     10       1       1       0   .abs_section_10
     _ADCSC2                                     11       1       1       0   .abs_section_11
     _ADCCFG                                     16       1       1       0   .abs_section_16
     _APCTL1                                     17       1       1       0   .abs_section_17
     _APCTL2                                     18       1       1       0   .abs_section_18
     _APCTL3                                     19       1       1       0   .abs_section_19
     _IRQSC                                      1C       1       1       0   .abs_section_1c
     _TPM1SC                                     20       1       1       0   .abs_section_20
     _TPM1C0SC                                   25       1       1       0   .abs_section_25
     _TPM1C1SC                                   28       1       1       0   .abs_section_28
     _TPM1C2SC                                   2B       1       1       0   .abs_section_2b
     _TPM1C3SC                                   2E       1       1       0   .abs_section_2e
     _TPM1C4SC                                   31       1       1       0   .abs_section_31
     _TPM1C5SC                                   34       1       1       0   .abs_section_34
     _SCI1C1                                     3A       1       1       0   .abs_section_3a
     _SCI1C2                                     3B       1       1       0   .abs_section_3b
     _SCI1S1                                     3C       1       1       0   .abs_section_3c
     _SCI1S2                                     3D       1       1       0   .abs_section_3d
     _SCI1C3                                     3E       1       1       0   .abs_section_3e
     _SCI1D                                      3F       1       1       0   .abs_section_3f
     _SCI2C1                                     42       1       1       0   .abs_section_42
     _SCI2C2                                     43       1       1       0   .abs_section_43
     _SCI2S1                                     44       1       1       0   .abs_section_44
     _SCI2S2                                     45       1       1       0   .abs_section_45
     _SCI2C3                                     46       1       1       0   .abs_section_46
     _SCI2D                                      47       1       1       0   .abs_section_47
     _MCGC1                                      48       1       1       0   .abs_section_48
     _MCGC2                                      49       1       1       0   .abs_section_49
     _MCGTRM                                     4A       1       1       0   .abs_section_4a
     _MCGSC                                      4B       1       1       0   .abs_section_4b
     _MCGC3                                      4C       1       1       0   .abs_section_4c
     _SPIC1                                      50       1       1       0   .abs_section_50
     _SPIC2                                      51       1       1       0   .abs_section_51
     _SPIBR                                      52       1       1       0   .abs_section_52
     _SPIS                                       53       1       1       0   .abs_section_53
     _SPID                                       55       1       1       0   .abs_section_55
     _IICA                                       58       1       1       0   .abs_section_58
     _IICF                                       59       1       1       0   .abs_section_59
     _IICC1                                      5A       1       1       0   .abs_section_5a
     _IICS                                       5B       1       1       0   .abs_section_5b
     _IICD                                       5C       1       1       0   .abs_section_5c
     _IICC2                                      5D       1       1       0   .abs_section_5d
     _TPM2SC                                     60       1       1       0   .abs_section_60
     _TPM2C0SC                                   65       1       1       0   .abs_section_65
     _TPM2C1SC                                   68       1       1       0   .abs_section_68
     _RTCSC                                      6C       1       1       0   .abs_section_6c
     _RTCCNT                                     6D       1       1       0   .abs_section_6d
     _RTCMOD                                     6E       1       1       0   .abs_section_6e
     _SRS                                      1800       1       1       0   .abs_section_1800
     _SBDFR                                    1801       1       1       0   .abs_section_1801
     _SOPT1                                    1802       1       1       0   .abs_section_1802
     _SOPT2                                    1803       1       1       0   .abs_section_1803
     _SPMSC1                                   1809       1       1       0   .abs_section_1809
     _SPMSC2                                   180A       1       1       0   .abs_section_180a
     _DBGC                                     1816       1       1       0   .abs_section_1816
     _DBGT                                     1817       1       1       0   .abs_section_1817
     _DBGS                                     1818       1       1       0   .abs_section_1818
     _FCDIV                                    1820       1       1       0   .abs_section_1820
     _FOPT                                     1821       1       1       0   .abs_section_1821
     _FCNFG                                    1823       1       1       0   .abs_section_1823
     _FPROT                                    1824       1       1       0   .abs_section_1824
     _FSTAT                                    1825       1       1       0   .abs_section_1825
     _FCMD                                     1826       1       1       0   .abs_section_1826
     _PTAPE                                    1840       1       1       0   .abs_section_1840
     _PTASE                                    1841       1       1       0   .abs_section_1841
     _PTADS                                    1842       1       1       0   .abs_section_1842
     _PTASC                                    1844       1       1       0   .abs_section_1844
     _PTAPS                                    1845       1       1       0   .abs_section_1845
     _PTAES                                    1846       1       1       0   .abs_section_1846
     _PTBPE                                    1848       1       1       0   .abs_section_1848
     _PTBSE                                    1849       1       1       0   .abs_section_1849
     _PTBDS                                    184A       1       1       0   .abs_section_184a
     _PTBSC                                    184C       1       1       0   .abs_section_184c
     _PTBPS                                    184D       1       1       0   .abs_section_184d
     _PTBES                                    184E       1       1       0   .abs_section_184e
     _PTCPE                                    1850       1       1       0   .abs_section_1850
     _PTCSE                                    1851       1       1       0   .abs_section_1851
     _PTCDS                                    1852       1       1       0   .abs_section_1852
     _PTDPE                                    1858       1       1       0   .abs_section_1858
     _PTDSE                                    1859       1       1       0   .abs_section_1859
     _PTDDS                                    185A       1       1       0   .abs_section_185a
     _PTDSC                                    185C       1       1       0   .abs_section_185c
     _PTDPS                                    185D       1       1       0   .abs_section_185d
     _PTDES                                    185E       1       1       0   .abs_section_185e
     _PTEPE                                    1860       1       1       0   .abs_section_1860
     _PTESE                                    1861       1       1       0   .abs_section_1861
     _PTEDS                                    1862       1       1       0   .abs_section_1862
     _PTFPE                                    1868       1       1       0   .abs_section_1868
     _PTFSE                                    1869       1       1       0   .abs_section_1869
     _PTFDS                                    186A       1       1       0   .abs_section_186a
     _PTGPE                                    1870       1       1       0   .abs_section_1870
     _PTGSE                                    1871       1       1       0   .abs_section_1871
     _PTGDS                                    1872       1       1       0   .abs_section_1872
     _CANCTL0                                  1880       1       1       0   .abs_section_1880
     _CANCTL1                                  1881       1       1       0   .abs_section_1881
     _CANBTR0                                  1882       1       1       0   .abs_section_1882
     _CANBTR1                                  1883       1       1       0   .abs_section_1883
     _CANRFLG                                  1884       1       1       0   .abs_section_1884
     _CANRIER                                  1885       1       1       0   .abs_section_1885
     _CANTFLG                                  1886       1       1       0   .abs_section_1886
     _CANTIER                                  1887       1       1       0   .abs_section_1887
     _CANTARQ                                  1888       1       1       0   .abs_section_1888
     _CANTAAK                                  1889       1       1       0   .abs_section_1889
     _CANTBSEL                                 188A       1       1       0   .abs_section_188a
     _CANIDAC                                  188B       1       1       0   .abs_section_188b
     _CANMISC                                  188D       1       1       0   .abs_section_188d
     _CANRXERR                                 188E       1       1       0   .abs_section_188e
     _CANTXERR                                 188F       1       1       0   .abs_section_188f
     _CANIDAR0                                 1890       1       1       0   .abs_section_1890
     _CANIDAR1                                 1891       1       1       0   .abs_section_1891
     _CANIDAR2                                 1892       1       1       0   .abs_section_1892
     _CANIDAR3                                 1893       1       1       0   .abs_section_1893
     _CANIDMR0                                 1894       1       1       0   .abs_section_1894
     _CANIDMR1                                 1895       1       1       0   .abs_section_1895
     _CANIDMR2                                 1896       1       1       0   .abs_section_1896
     _CANIDMR3                                 1897       1       1       0   .abs_section_1897
     _CANIDAR4                                 1898       1       1       0   .abs_section_1898
     _CANIDAR5                                 1899       1       1       0   .abs_section_1899
     _CANIDAR6                                 189A       1       1       0   .abs_section_189a
     _CANIDAR7                                 189B       1       1       0   .abs_section_189b
     _CANIDMR4                                 189C       1       1       0   .abs_section_189c
     _CANIDMR5                                 189D       1       1       0   .abs_section_189d
     _CANIDMR6                                 189E       1       1       0   .abs_section_189e
     _CANIDMR7                                 189F       1       1       0   .abs_section_189f
     _CANRDSR0                                 18A4       1       1       0   .abs_section_18a4
     _CANRDSR1                                 18A5       1       1       0   .abs_section_18a5
     _CANRDSR2                                 18A6       1       1       0   .abs_section_18a6
     _CANRDSR3                                 18A7       1       1       0   .abs_section_18a7
     _CANRDSR4                                 18A8       1       1       0   .abs_section_18a8
     _CANRDSR5                                 18A9       1       1       0   .abs_section_18a9
     _CANRDSR6                                 18AA       1       1       0   .abs_section_18aa
     _CANRDSR7                                 18AB       1       1       0   .abs_section_18ab
     _CANRDLR                                  18AC       1       1       0   .abs_section_18ac
     _CANTDSR0                                 18B4       1       1       0   .abs_section_18b4
     _CANTDSR1                                 18B5       1       1       0   .abs_section_18b5
     _CANTDSR2                                 18B6       1       1       0   .abs_section_18b6
     _CANTDSR3                                 18B7       1       1       0   .abs_section_18b7
     _CANTDSR4                                 18B8       1       1       0   .abs_section_18b8
     _CANTDSR5                                 18B9       1       1       0   .abs_section_18b9
     _CANTDSR6                                 18BA       1       1       0   .abs_section_18ba
     _CANTDSR7                                 18BB       1       1       0   .abs_section_18bb
     _CANTDLR                                  18BC       1       1       0   .abs_section_18bc
     _CANTTBPR                                 18BD       1       1       0   .abs_section_18bd
     _ADCR                                       12       2       2       0   .abs_section_12
     _ADCCV                                      14       2       2       0   .abs_section_14
     _TPM1CNT                                    21       2       2       0   .abs_section_21
     _TPM1MOD                                    23       2       2       0   .abs_section_23
     _TPM1C0V                                    26       2       2       0   .abs_section_26
     _TPM1C1V                                    29       2       2       0   .abs_section_29
     _TPM1C2V                                    2C       2       2       0   .abs_section_2c
     _TPM1C3V                                    2F       2       2       0   .abs_section_2f
     _TPM1C4V                                    32       2       2       0   .abs_section_32
     _TPM1C5V                                    35       2       2       0   .abs_section_35
     _SCI1BD                                     38       2       2       0   .abs_section_38
     _SCI2BD                                     40       2       2       0   .abs_section_40
     _TPM2CNT                                    61       2       2       0   .abs_section_61
     _TPM2MOD                                    63       2       2       0   .abs_section_63
     _TPM2C0V                                    66       2       2       0   .abs_section_66
     _TPM2C1V                                    69       2       2       0   .abs_section_69
     _SDID                                     1806       2       2       0   .abs_section_1806
     _DBGCA                                    1810       2       2       0   .abs_section_1810
     _DBGCB                                    1812       2       2       0   .abs_section_1812
     _DBGF                                     1814       2       2       0   .abs_section_1814
     _CANRTSR                                  18AE       2       2       0   .abs_section_18ae
     _CANTTSR                                  18BE       2       2       0   .abs_section_18be
     _CANRIDR                                  18A0       4       4       0   .abs_section_18a0
     _CANTIDR                                  18B0       4       4       0   .abs_section_18b0
MODULE:                 -- SPI_c.obj --
- PROCEDURES:
     SPI_Init                                  229B       F      15       0   .text       
- VARIABLES:
MODULE:                 -- TI_10ms_c.obj --
- PROCEDURES:
     TI_10ms_Init                              22AA      14      20       0   .text       
     TI_10ms_Interrupt                         22BE       8       8       0   .text       
- VARIABLES:
MODULE:                 -- TI_1ms_c.obj --
- PROCEDURES:
     HWEnDi                                    22C6      10      16       0   .text       
     TI_1ms_Enable                             22D6       E      14       0   .text       
     TI_1ms_Disable                            22E4       D      13       0   .text       
     TI_1ms_Init                               22F1       E      14       0   .text       
     TI_1ms_Interrupt                          22FF       8       8       0   .text       
- VARIABLES:
     EnUser                                      B4       1       1       0   .bss        
MODULE:                 -- Vectors_c.obj --
- PROCEDURES:
- VARIABLES:
     _vect                                     FFC0      40      64       0   .abs_section_ffc0
MODULE:                 -- StateMachineManagement_c.obj --
- PROCEDURES:
     StateMachineManagement                    2307      32      50       0   .text       
- VARIABLES:
MODULE:                 -- SysParameters_c.obj --
- PROCEDURES:
     SysParametersInit                         2339      39      57       0   .text       
     SysInit                                   2372      42      66       0   .text       
     CANMsgBuffersConfig                       23B4      ED     237       0   .text       
     SystemADData_Int                          24A1      41      65       0   .text       
- VARIABLES:
     TRawData_Table                            3046      4E      78       0   .rodata     
     TData_Table                               3094      4E      78       0   .rodata     
     H2ConRawData_Table                        30E2       4       4       0   .rodata     
     H2ConData_Table                           30E6       4       4       0   .rodata     
     P_H2TankRawData_Table                     30EA       4       4       0   .rodata     
     P_H2TankData_Table                        30EE       4       4       0   .rodata     
     P_H2MidRawData_Table                      30F2       4       4       0   .rodata     
     P_H2MidData_Table                         30F6       4       4       0   .rodata     
     CAN_TXD_ID                                  A0       8       8       0   .data       
     CAN_RXD_ID                                  A8       4       4       0   .data       
     Timer_100ms                                 B5       1       1       0   .bss        
     ADCHRawData                                 B6      20      32       0   .bss        
     PrtCANTXD                                   D6       1       1       0   .bss        
     TaskFlags                                  128       2       2       0   .common     
     Timer_CAN                                  12A       1       1       0   .common     
     SYSTEM_AD_DATA                             12B       F      15       0   .common     
     HCUStatus                                  13A       1       1       0   .common     
     InnerFalutFlags                            13B       2       2       0   .common     
     TLECMD                                     13D       2       2       0   .common     
     TLECMDTarget                               13F       2       2       0   .common     
     TLEErrFlag_1                               141       2       2       0   .common     
     TLEErrFlag_2                               143       2       2       0   .common     
     TLEFault1                                  145       1       1       0   .common     
     TLEFault2                                  146       1       1       0   .common     
     Msg_CAN_TXD                                147      1E      30       0   .common     
     Msg_CAN_RXD                                165       F      15       0   .common     
MODULE:                 -- TaskSchedule_c.obj --
- PROCEDURES:
     TaskSchedule                              24E2      29      41       0   .text       
     Task_ADCHSProcess                         250B      C3     195       0   .text       
     Calc_ADData_NTC                           25CE      35      53       0   .text       
     Calc_ADData_H2Con                         2603      35      53       0   .text       
     Calc_ADData_P_H2Tank                      2638      36      54       0   .text       
     Calc_ADData_P_H2Mid                       266E      36      54       0   .text       
     AD_Lagrange                               26A4     2EB     747       0   .text       
     TLE_SPI_SendCMD                           298F     127     295       0   .text       
     Task_TLE6232UpdateProcess                 2AB6      B1     177       0   .text       
     Task_CANTXD_Process                       2B67      10      16       0   .text       
     CANTXD_MsgBufferUpdate                    2B77      42      66       0   .text       
     CANDownLoad                               2BB9      A0     160       0   .text       
     Task_FCUCMD_Process                       2C59      72     114       0   .text       
- VARIABLES:
     tempCANMSG.3                                D7       F      15       0   .bss        
MODULE:                 -- rtshc08.o (ansiis.lib) --
- PROCEDURES:
     _PUSH_ARGS_L                              2CCB      20      32       0   .text       
     _ENTER_UNARY_L                            2CEB      29      41       0   .text       
     _ENTER_BINARY_L                           2D14      16      22       0   .text       
     _ENTER_BINARY_L_RC                        2D2A      19      25       0   .text       
     _LADD_k_is_k_plus_j                       2D43      1F      31       0   .text       
     _k_is_k_plus_j_l                          2D62      1E      30       0   .text       
     _k_is_k_plus_j_i                          2D80      12      18       0   .text       
     _LSUB_k_is_k_minus_j                      2D92      1F      31       0   .text       
     _LAND_k_is_k_and_j                        2DB1      1F      31       0   .text       
     _LOR_k_is_k_or_j                          2DD0      1F      31       0   .text       
     _LMUL_k_is_k_mul_j                        2DEF      81     129       0   .text       
     _LDIVMOD                                  2E70      A4     164       0   .text       
     _NEG_L_HX                                 2F14      13      19       0   .text       
     _ABS_L_HX                                 2F27       6       6       0   .text       
     _SPLITSIGN_L                              2F2D       A      10       0   .text       
     _LDIVS_k_is_k_div_j                       2F37      27      39       0   .text       
     _LCMP_k_rel_j                             2F5E      1F      31       0   .text       
     _LADD                                     2F7D       6       6       0   .text       
     _LSUB                                     2F83       6       6       0   .text       
     _LAND_RC                                  2F89       6       6       0   .text       
     _LOR                                      2F8F       6       6       0   .text       
     _LOR_RC                                   2F95       6       6       0   .text       
     _LMUL                                     2F9B       6       6       0   .text       
     _LDIVS                                    2FA1       6       6       0   .text       
     _LLSR                                     2FA7      16      22       0   .text       
     _LLSL                                     2FBD      16      22       0   .text       
     _LCMP                                     2FD3       6       6       0   .text       
     _LCMP_RC                                  2FD9       6       6       0   .text       
     _COPY                                     2FDF      30      48       0   .text       
     _POP32                                    300F      1A      26       0   .text       
     _SEXT16_32                                3029       D      13       0   .text       
- VARIABLES:

*********************************************************************************************
MODULE STATISTIC
  Name                                      Data   Code  Const
---------------------------------------------------------------------------------------------
  Events_c.obj                                 1    266      0
  main_c.obj                                   0     22      0
  start08_c.obj                                0    132      0
  ADCH_c.obj                                  69    684     16
  CAN_c.obj                                    2   1054      0
  Cpu_c.obj                                    2    287      2
  IO_Map_c.obj                               211      0      0
  SPI_c.obj                                    0     15      0
  TI_10ms_c.obj                                0     28      0
  TI_1ms_c.obj                                 1     65      0
  Vectors_c.obj                                0      0     64
  StateMachineManagement_c.obj                 0     50      0
  SysParameters_c.obj                        122    425    180
  TaskSchedule_c.obj                          15   2025      0
  rtshc08.o (ansiis.lib)                       0    875      0
  other                                      128     14     18

*********************************************************************************************
SECTION USE IN OBJECT-ALLOCATION SECTION
---------------------------------------------------------------------------------------------
SECTION: ".text"
  ADCH_OnEnd CAN_OnFreeTxBuffer CAN_OnFullRxBuffer CAN_OnBusOff 
  TI_1ms_OnInterrupt TI_10ms_OnInterrupt main loadByte Init _Startup 
  ADCH_Interrupt ClrSumV ADCH_HWEnDi ADCH_Start ADCH_Stop ADCH_GetValue 
  ADCH_Init CAN_SetAcceptanceCode CAN_SendFrameExt CAN_ReadFrame CAN_Init 
  CAN_SetAcceptanceMask CAN_InterruptTx CAN_InterruptRx CAN_InterruptError 
  SPI_Init TI_10ms_Init TI_10ms_Interrupt HWEnDi TI_1ms_Enable TI_1ms_Disable 
  TI_1ms_Init TI_1ms_Interrupt StateMachineManagement SysParametersInit SysInit 
  CANMsgBuffersConfig SystemADData_Int TaskSchedule Task_ADCHSProcess 
  Calc_ADData_NTC Calc_ADData_H2Con Calc_ADData_P_H2Tank Calc_ADData_P_H2Mid 
  AD_Lagrange TLE_SPI_SendCMD Task_TLE6232UpdateProcess Task_CANTXD_Process 
  CANTXD_MsgBufferUpdate CANDownLoad Task_FCUCMD_Process _PUSH_ARGS_L 
  _ENTER_UNARY_L _ENTER_BINARY_L _ENTER_BINARY_L_RC _LADD_k_is_k_plus_j 
  _k_is_k_plus_j_l _k_is_k_plus_j_i _LSUB_k_is_k_minus_j _LAND_k_is_k_and_j 
  _LOR_k_is_k_or_j _LMUL_k_is_k_mul_j _LDIVMOD _NEG_L_HX _ABS_L_HX _SPLITSIGN_L 
  _LDIVS_k_is_k_div_j _LCMP_k_rel_j _LADD _LSUB _LAND_RC _LOR _LOR_RC _LMUL 
  _LDIVS _LLSR _LLSL _LCMP _LCMP_RC _COPY _POP32 _SEXT16_32 
SECTION: ".data"
  CAN_TXD_ID CAN_RXD_ID 
SECTION: ".bss"
  watchpoint EnUser OutFlg SumChan ModeFlg SumCnt ErrFlag SerFlag EnUser 
  Timer_100ms ADCHRawData PrtCANTXD tempCANMSG.3 
SECTION: ".init"
  Cpu_Interrupt _EntryPoint PE_low_level_init 
SECTION: ".rodata"
  Channels TRawData_Table TData_Table H2ConRawData_Table H2ConData_Table 
  P_H2TankRawData_Table P_H2TankData_Table P_H2MidRawData_Table 
  P_H2MidData_Table 
SECTION: ".common"
  ADCH_SumV ADCH_OutV CCR_reg CCR_lock TaskFlags Timer_CAN SYSTEM_AD_DATA 
  HCUStatus InnerFalutFlags TLECMD TLECMDTarget TLEErrFlag_1 TLEErrFlag_2 
  TLEFault1 TLEFault2 Msg_CAN_TXD Msg_CAN_RXD 
SECTION: ".abs_section_ffbd"
  NVPROT_INIT 
SECTION: ".abs_section_ffbf"
  NVOPT_INIT 
SECTION: ".abs_section_0"
  _PTAD 
SECTION: ".abs_section_1"
  _PTADD 
SECTION: ".abs_section_2"
  _PTBD 
SECTION: ".abs_section_3"
  _PTBDD 
SECTION: ".abs_section_4"
  _PTCD 
SECTION: ".abs_section_5"
  _PTCDD 
SECTION: ".abs_section_6"
  _PTDD 
SECTION: ".abs_section_7"
  _PTDDD 
SECTION: ".abs_section_8"
  _PTED 
SECTION: ".abs_section_9"
  _PTEDD 
SECTION: ".abs_section_a"
  _PTFD 
SECTION: ".abs_section_b"
  _PTFDD 
SECTION: ".abs_section_c"
  _PTGD 
SECTION: ".abs_section_d"
  _PTGDD 
SECTION: ".abs_section_e"
  _ACMP1SC 
SECTION: ".abs_section_f"
  _ACMP2SC 
SECTION: ".abs_section_10"
  _ADCSC1 
SECTION: ".abs_section_11"
  _ADCSC2 
SECTION: ".abs_section_16"
  _ADCCFG 
SECTION: ".abs_section_17"
  _APCTL1 
SECTION: ".abs_section_18"
  _APCTL2 
SECTION: ".abs_section_19"
  _APCTL3 
SECTION: ".abs_section_1c"
  _IRQSC 
SECTION: ".abs_section_20"
  _TPM1SC 
SECTION: ".abs_section_25"
  _TPM1C0SC 
SECTION: ".abs_section_28"
  _TPM1C1SC 
SECTION: ".abs_section_2b"
  _TPM1C2SC 
SECTION: ".abs_section_2e"
  _TPM1C3SC 
SECTION: ".abs_section_31"
  _TPM1C4SC 
SECTION: ".abs_section_34"
  _TPM1C5SC 
SECTION: ".abs_section_3a"
  _SCI1C1 
SECTION: ".abs_section_3b"
  _SCI1C2 
SECTION: ".abs_section_3c"
  _SCI1S1 
SECTION: ".abs_section_3d"
  _SCI1S2 
SECTION: ".abs_section_3e"
  _SCI1C3 
SECTION: ".abs_section_3f"
  _SCI1D 
SECTION: ".abs_section_42"
  _SCI2C1 
SECTION: ".abs_section_43"
  _SCI2C2 
SECTION: ".abs_section_44"
  _SCI2S1 
SECTION: ".abs_section_45"
  _SCI2S2 
SECTION: ".abs_section_46"
  _SCI2C3 
SECTION: ".abs_section_47"
  _SCI2D 
SECTION: ".abs_section_48"
  _MCGC1 
SECTION: ".abs_section_49"
  _MCGC2 
SECTION: ".abs_section_4a"
  _MCGTRM 
SECTION: ".abs_section_4b"
  _MCGSC 
SECTION: ".abs_section_4c"
  _MCGC3 
SECTION: ".abs_section_50"
  _SPIC1 
SECTION: ".abs_section_51"
  _SPIC2 
SECTION: ".abs_section_52"
  _SPIBR 
SECTION: ".abs_section_53"
  _SPIS 
SECTION: ".abs_section_55"
  _SPID 
SECTION: ".abs_section_58"
  _IICA 
SECTION: ".abs_section_59"
  _IICF 
SECTION: ".abs_section_5a"
  _IICC1 
SECTION: ".abs_section_5b"
  _IICS 
SECTION: ".abs_section_5c"
  _IICD 
SECTION: ".abs_section_5d"
  _IICC2 
SECTION: ".abs_section_60"
  _TPM2SC 
SECTION: ".abs_section_65"
  _TPM2C0SC 
SECTION: ".abs_section_68"
  _TPM2C1SC 
SECTION: ".abs_section_6c"
  _RTCSC 
SECTION: ".abs_section_6d"
  _RTCCNT 
SECTION: ".abs_section_6e"
  _RTCMOD 
SECTION: ".abs_section_1800"
  _SRS 
SECTION: ".abs_section_1801"
  _SBDFR 
SECTION: ".abs_section_1802"
  _SOPT1 
SECTION: ".abs_section_1803"
  _SOPT2 
SECTION: ".abs_section_1809"
  _SPMSC1 
SECTION: ".abs_section_180a"
  _SPMSC2 
SECTION: ".abs_section_1816"
  _DBGC 
SECTION: ".abs_section_1817"
  _DBGT 
SECTION: ".abs_section_1818"
  _DBGS 
SECTION: ".abs_section_1820"
  _FCDIV 
SECTION: ".abs_section_1821"
  _FOPT 
SECTION: ".abs_section_1823"
  _FCNFG 
SECTION: ".abs_section_1824"
  _FPROT 
SECTION: ".abs_section_1825"
  _FSTAT 
SECTION: ".abs_section_1826"
  _FCMD 
SECTION: ".abs_section_1840"
  _PTAPE 
SECTION: ".abs_section_1841"
  _PTASE 
SECTION: ".abs_section_1842"
  _PTADS 
SECTION: ".abs_section_1844"
  _PTASC 
SECTION: ".abs_section_1845"
  _PTAPS 
SECTION: ".abs_section_1846"
  _PTAES 
SECTION: ".abs_section_1848"
  _PTBPE 
SECTION: ".abs_section_1849"
  _PTBSE 
SECTION: ".abs_section_184a"
  _PTBDS 
SECTION: ".abs_section_184c"
  _PTBSC 
SECTION: ".abs_section_184d"
  _PTBPS 
SECTION: ".abs_section_184e"
  _PTBES 
SECTION: ".abs_section_1850"
  _PTCPE 
SECTION: ".abs_section_1851"
  _PTCSE 
SECTION: ".abs_section_1852"
  _PTCDS 
SECTION: ".abs_section_1858"
  _PTDPE 
SECTION: ".abs_section_1859"
  _PTDSE 
SECTION: ".abs_section_185a"
  _PTDDS 
SECTION: ".abs_section_185c"
  _PTDSC 
SECTION: ".abs_section_185d"
  _PTDPS 
SECTION: ".abs_section_185e"
  _PTDES 
SECTION: ".abs_section_1860"
  _PTEPE 
SECTION: ".abs_section_1861"
  _PTESE 
SECTION: ".abs_section_1862"
  _PTEDS 
SECTION: ".abs_section_1868"
  _PTFPE 
SECTION: ".abs_section_1869"
  _PTFSE 
SECTION: ".abs_section_186a"
  _PTFDS 
SECTION: ".abs_section_1870"
  _PTGPE 
SECTION: ".abs_section_1871"
  _PTGSE 
SECTION: ".abs_section_1872"
  _PTGDS 
SECTION: ".abs_section_1880"
  _CANCTL0 
SECTION: ".abs_section_1881"
  _CANCTL1 
SECTION: ".abs_section_1882"
  _CANBTR0 
SECTION: ".abs_section_1883"
  _CANBTR1 
SECTION: ".abs_section_1884"
  _CANRFLG 
SECTION: ".abs_section_1885"
  _CANRIER 
SECTION: ".abs_section_1886"
  _CANTFLG 
SECTION: ".abs_section_1887"
  _CANTIER 
SECTION: ".abs_section_1888"
  _CANTARQ 
SECTION: ".abs_section_1889"
  _CANTAAK 
SECTION: ".abs_section_188a"
  _CANTBSEL 
SECTION: ".abs_section_188b"
  _CANIDAC 
SECTION: ".abs_section_188d"
  _CANMISC 
SECTION: ".abs_section_188e"
  _CANRXERR 
SECTION: ".abs_section_188f"
  _CANTXERR 
SECTION: ".abs_section_1890"
  _CANIDAR0 
SECTION: ".abs_section_1891"
  _CANIDAR1 
SECTION: ".abs_section_1892"
  _CANIDAR2 
SECTION: ".abs_section_1893"
  _CANIDAR3 
SECTION: ".abs_section_1894"
  _CANIDMR0 
SECTION: ".abs_section_1895"
  _CANIDMR1 
SECTION: ".abs_section_1896"
  _CANIDMR2 
SECTION: ".abs_section_1897"
  _CANIDMR3 
SECTION: ".abs_section_1898"
  _CANIDAR4 
SECTION: ".abs_section_1899"
  _CANIDAR5 
SECTION: ".abs_section_189a"
  _CANIDAR6 
SECTION: ".abs_section_189b"
  _CANIDAR7 
SECTION: ".abs_section_189c"
  _CANIDMR4 
SECTION: ".abs_section_189d"
  _CANIDMR5 
SECTION: ".abs_section_189e"
  _CANIDMR6 
SECTION: ".abs_section_189f"
  _CANIDMR7 
SECTION: ".abs_section_18a4"
  _CANRDSR0 
SECTION: ".abs_section_18a5"
  _CANRDSR1 
SECTION: ".abs_section_18a6"
  _CANRDSR2 
SECTION: ".abs_section_18a7"
  _CANRDSR3 
SECTION: ".abs_section_18a8"
  _CANRDSR4 
SECTION: ".abs_section_18a9"
  _CANRDSR5 
SECTION: ".abs_section_18aa"
  _CANRDSR6 
SECTION: ".abs_section_18ab"
  _CANRDSR7 
SECTION: ".abs_section_18ac"
  _CANRDLR 
SECTION: ".abs_section_18b4"
  _CANTDSR0 
SECTION: ".abs_section_18b5"
  _CANTDSR1 
SECTION: ".abs_section_18b6"
  _CANTDSR2 
SECTION: ".abs_section_18b7"
  _CANTDSR3 
SECTION: ".abs_section_18b8"
  _CANTDSR4 
SECTION: ".abs_section_18b9"
  _CANTDSR5 
SECTION: ".abs_section_18ba"
  _CANTDSR6 
SECTION: ".abs_section_18bb"
  _CANTDSR7 
SECTION: ".abs_section_18bc"
  _CANTDLR 
SECTION: ".abs_section_18bd"
  _CANTTBPR 
SECTION: ".abs_section_12"
  _ADCR 
SECTION: ".abs_section_14"
  _ADCCV 
SECTION: ".abs_section_21"
  _TPM1CNT 
SECTION: ".abs_section_23"
  _TPM1MOD 
SECTION: ".abs_section_26"
  _TPM1C0V 
SECTION: ".abs_section_29"
  _TPM1C1V 
SECTION: ".abs_section_2c"
  _TPM1C2V 
SECTION: ".abs_section_2f"
  _TPM1C3V 
SECTION: ".abs_section_32"
  _TPM1C4V 
SECTION: ".abs_section_35"
  _TPM1C5V 
SECTION: ".abs_section_38"
  _SCI1BD 
SECTION: ".abs_section_40"
  _SCI2BD 
SECTION: ".abs_section_61"
  _TPM2CNT 
SECTION: ".abs_section_63"
  _TPM2MOD 
SECTION: ".abs_section_66"
  _TPM2C0V 
SECTION: ".abs_section_69"
  _TPM2C1V 
SECTION: ".abs_section_1806"
  _SDID 
SECTION: ".abs_section_1810"
  _DBGCA 
SECTION: ".abs_section_1812"
  _DBGCB 
SECTION: ".abs_section_1814"
  _DBGF 
SECTION: ".abs_section_18ae"
  _CANRTSR 
SECTION: ".abs_section_18be"
  _CANTTSR 
SECTION: ".abs_section_18a0"
  _CANRIDR 
SECTION: ".abs_section_18b0"
  _CANTIDR 
SECTION: ".abs_section_ffc0"
  _vect 

*********************************************************************************************
OBJECT LIST SORTED BY ADDRESS
     Name                                      Addr   hSize   dSize     Ref    Section   RLIB
---------------------------------------------------------------------------------------------
     _PTAD                                        0       1       1       0   .abs_section_0
     _PTADD                                       1       1       1       0   .abs_section_1
     _PTBD                                        2       1       1       0   .abs_section_2
     _PTBDD                                       3       1       1       0   .abs_section_3
     _PTCD                                        4       1       1       0   .abs_section_4
     _PTCDD                                       5       1       1       0   .abs_section_5
     _PTDD                                        6       1       1       0   .abs_section_6
     _PTDDD                                       7       1       1       0   .abs_section_7
     _PTED                                        8       1       1       0   .abs_section_8
     _PTEDD                                       9       1       1       0   .abs_section_9
     _PTFD                                        A       1       1       0   .abs_section_a
     _PTFDD                                       B       1       1       0   .abs_section_b
     _PTGD                                        C       1       1       0   .abs_section_c
     _PTGDD                                       D       1       1       0   .abs_section_d
     _ACMP1SC                                     E       1       1       0   .abs_section_e
     _ACMP2SC                                     F       1       1       0   .abs_section_f
     _ADCSC1                                     10       1       1       0   .abs_section_10
     _ADCSC2                                     11       1       1       0   .abs_section_11
     _ADCR                                       12       2       2       0   .abs_section_12
     _ADCCV                                      14       2       2       0   .abs_section_14
     _ADCCFG                                     16       1       1       0   .abs_section_16
     _APCTL1                                     17       1       1       0   .abs_section_17
     _APCTL2                                     18       1       1       0   .abs_section_18
     _APCTL3                                     19       1       1       0   .abs_section_19
     _IRQSC                                      1C       1       1       0   .abs_section_1c
     _TPM1SC                                     20       1       1       0   .abs_section_20
     _TPM1CNT                                    21       2       2       0   .abs_section_21
     _TPM1MOD                                    23       2       2       0   .abs_section_23
     _TPM1C0SC                                   25       1       1       0   .abs_section_25
     _TPM1C0V                                    26       2       2       0   .abs_section_26
     _TPM1C1SC                                   28       1       1       0   .abs_section_28
     _TPM1C1V                                    29       2       2       0   .abs_section_29
     _TPM1C2SC                                   2B       1       1       0   .abs_section_2b
     _TPM1C2V                                    2C       2       2       0   .abs_section_2c
     _TPM1C3SC                                   2E       1       1       0   .abs_section_2e
     _TPM1C3V                                    2F       2       2       0   .abs_section_2f
     _TPM1C4SC                                   31       1       1       0   .abs_section_31
     _TPM1C4V                                    32       2       2       0   .abs_section_32
     _TPM1C5SC                                   34       1       1       0   .abs_section_34
     _TPM1C5V                                    35       2       2       0   .abs_section_35
     _SCI1BD                                     38       2       2       0   .abs_section_38
     _SCI1C1                                     3A       1       1       0   .abs_section_3a
     _SCI1C2                                     3B       1       1       0   .abs_section_3b
     _SCI1S1                                     3C       1       1       0   .abs_section_3c
     _SCI1S2                                     3D       1       1       0   .abs_section_3d
     _SCI1C3                                     3E       1       1       0   .abs_section_3e
     _SCI1D                                      3F       1       1       0   .abs_section_3f
     _SCI2BD                                     40       2       2       0   .abs_section_40
     _SCI2C1                                     42       1       1       0   .abs_section_42
     _SCI2C2                                     43       1       1       0   .abs_section_43
     _SCI2S1                                     44       1       1       0   .abs_section_44
     _SCI2S2                                     45       1       1       0   .abs_section_45
     _SCI2C3                                     46       1       1       0   .abs_section_46
     _SCI2D                                      47       1       1       0   .abs_section_47
     _MCGC1                                      48       1       1       0   .abs_section_48
     _MCGC2                                      49       1       1       0   .abs_section_49
     _MCGTRM                                     4A       1       1       0   .abs_section_4a
     _MCGSC                                      4B       1       1       0   .abs_section_4b
     _MCGC3                                      4C       1       1       0   .abs_section_4c
     _SPIC1                                      50       1       1       0   .abs_section_50
     _SPIC2                                      51       1       1       0   .abs_section_51
     _SPIBR                                      52       1       1       0   .abs_section_52
     _SPIS                                       53       1       1       0   .abs_section_53
     _SPID                                       55       1       1       0   .abs_section_55
     _IICA                                       58       1       1       0   .abs_section_58
     _IICF                                       59       1       1       0   .abs_section_59
     _IICC1                                      5A       1       1       0   .abs_section_5a
     _IICS                                       5B       1       1       0   .abs_section_5b
     _IICD                                       5C       1       1       0   .abs_section_5c
     _IICC2                                      5D       1       1       0   .abs_section_5d
     _TPM2SC                                     60       1       1       0   .abs_section_60
     _TPM2CNT                                    61       2       2       0   .abs_section_61
     _TPM2MOD                                    63       2       2       0   .abs_section_63
     _TPM2C0SC                                   65       1       1       0   .abs_section_65
     _TPM2C0V                                    66       2       2       0   .abs_section_66
     _TPM2C1SC                                   68       1       1       0   .abs_section_68
     _TPM2C1V                                    69       2       2       0   .abs_section_69
     _RTCSC                                      6C       1       1       0   .abs_section_6c
     _RTCCNT                                     6D       1       1       0   .abs_section_6d
     _RTCMOD                                     6E       1       1       0   .abs_section_6e
     CAN_TXD_ID                                  A0       8       8       0   .data       
     CAN_RXD_ID                                  A8       4       4       0   .data       
     watchpoint                                  AC       1       1       0   .bss        
     EnUser                                      AD       1       1       0   .bss        
     OutFlg                                      AE       1       1       0   .bss        
     SumChan                                     AF       1       1       0   .bss        
     ModeFlg                                     B0       1       1       0   .bss        
     SumCnt                                      B1       1       1       0   .bss        
     ErrFlag                                     B2       1       1       0   .bss        
     SerFlag                                     B3       1       1       0   .bss        
     EnUser                                      B4       1       1       0   .bss        
     Timer_100ms                                 B5       1       1       0   .bss        
     ADCHRawData                                 B6      20      32       0   .bss        
     PrtCANTXD                                   D6       1       1       0   .bss        
     tempCANMSG.3                                D7       F      15       0   .bss        
     ADCH_SumV                                   E6      20      32       0   .common     
     ADCH_OutV                                  106      20      32       0   .common     
     CCR_reg                                    126       1       1       0   .common     
     CCR_lock                                   127       1       1       0   .common     
     TaskFlags                                  128       2       2       0   .common     
     Timer_CAN                                  12A       1       1       0   .common     
     SYSTEM_AD_DATA                             12B       F      15       0   .common     
     HCUStatus                                  13A       1       1       0   .common     
     InnerFalutFlags                            13B       2       2       0   .common     
     TLECMD                                     13D       2       2       0   .common     
     TLECMDTarget                               13F       2       2       0   .common     
     TLEErrFlag_1                               141       2       2       0   .common     
     TLEErrFlag_2                               143       2       2       0   .common     
     TLEFault1                                  145       1       1       0   .common     
     TLEFault2                                  146       1       1       0   .common     
     Msg_CAN_TXD                                147      1E      30       0   .common     
     Msg_CAN_RXD                                165       F      15       0   .common     
     _SRS                                      1800       1       1       0   .abs_section_1800
     _SBDFR                                    1801       1       1       0   .abs_section_1801
     _SOPT1                                    1802       1       1       0   .abs_section_1802
     _SOPT2                                    1803       1       1       0   .abs_section_1803
     _SDID                                     1806       2       2       0   .abs_section_1806
     _SPMSC1                                   1809       1       1       0   .abs_section_1809
     _SPMSC2                                   180A       1       1       0   .abs_section_180a
     _DBGCA                                    1810       2       2       0   .abs_section_1810
     _DBGCB                                    1812       2       2       0   .abs_section_1812
     _DBGF                                     1814       2       2       0   .abs_section_1814
     _DBGC                                     1816       1       1       0   .abs_section_1816
     _DBGT                                     1817       1       1       0   .abs_section_1817
     _DBGS                                     1818       1       1       0   .abs_section_1818
     _FCDIV                                    1820       1       1       0   .abs_section_1820
     _FOPT                                     1821       1       1       0   .abs_section_1821
     _FCNFG                                    1823       1       1       0   .abs_section_1823
     _FPROT                                    1824       1       1       0   .abs_section_1824
     _FSTAT                                    1825       1       1       0   .abs_section_1825
     _FCMD                                     1826       1       1       0   .abs_section_1826
     _PTAPE                                    1840       1       1       0   .abs_section_1840
     _PTASE                                    1841       1       1       0   .abs_section_1841
     _PTADS                                    1842       1       1       0   .abs_section_1842
     _PTASC                                    1844       1       1       0   .abs_section_1844
     _PTAPS                                    1845       1       1       0   .abs_section_1845
     _PTAES                                    1846       1       1       0   .abs_section_1846
     _PTBPE                                    1848       1       1       0   .abs_section_1848
     _PTBSE                                    1849       1       1       0   .abs_section_1849
     _PTBDS                                    184A       1       1       0   .abs_section_184a
     _PTBSC                                    184C       1       1       0   .abs_section_184c
     _PTBPS                                    184D       1       1       0   .abs_section_184d
     _PTBES                                    184E       1       1       0   .abs_section_184e
     _PTCPE                                    1850       1       1       0   .abs_section_1850
     _PTCSE                                    1851       1       1       0   .abs_section_1851
     _PTCDS                                    1852       1       1       0   .abs_section_1852
     _PTDPE                                    1858       1       1       0   .abs_section_1858
     _PTDSE                                    1859       1       1       0   .abs_section_1859
     _PTDDS                                    185A       1       1       0   .abs_section_185a
     _PTDSC                                    185C       1       1       0   .abs_section_185c
     _PTDPS                                    185D       1       1       0   .abs_section_185d
     _PTDES                                    185E       1       1       0   .abs_section_185e
     _PTEPE                                    1860       1       1       0   .abs_section_1860
     _PTESE                                    1861       1       1       0   .abs_section_1861
     _PTEDS                                    1862       1       1       0   .abs_section_1862
     _PTFPE                                    1868       1       1       0   .abs_section_1868
     _PTFSE                                    1869       1       1       0   .abs_section_1869
     _PTFDS                                    186A       1       1       0   .abs_section_186a
     _PTGPE                                    1870       1       1       0   .abs_section_1870
     _PTGSE                                    1871       1       1       0   .abs_section_1871
     _PTGDS                                    1872       1       1       0   .abs_section_1872
     _CANCTL0                                  1880       1       1       0   .abs_section_1880
     _CANCTL1                                  1881       1       1       0   .abs_section_1881
     _CANBTR0                                  1882       1       1       0   .abs_section_1882
     _CANBTR1                                  1883       1       1       0   .abs_section_1883
     _CANRFLG                                  1884       1       1       0   .abs_section_1884
     _CANRIER                                  1885       1       1       0   .abs_section_1885
     _CANTFLG                                  1886       1       1       0   .abs_section_1886
     _CANTIER                                  1887       1       1       0   .abs_section_1887
     _CANTARQ                                  1888       1       1       0   .abs_section_1888
     _CANTAAK                                  1889       1       1       0   .abs_section_1889
     _CANTBSEL                                 188A       1       1       0   .abs_section_188a
     _CANIDAC                                  188B       1       1       0   .abs_section_188b
     _CANMISC                                  188D       1       1       0   .abs_section_188d
     _CANRXERR                                 188E       1       1       0   .abs_section_188e
     _CANTXERR                                 188F       1       1       0   .abs_section_188f
     _CANIDAR0                                 1890       1       1       0   .abs_section_1890
     _CANIDAR1                                 1891       1       1       0   .abs_section_1891
     _CANIDAR2                                 1892       1       1       0   .abs_section_1892
     _CANIDAR3                                 1893       1       1       0   .abs_section_1893
     _CANIDMR0                                 1894       1       1       0   .abs_section_1894
     _CANIDMR1                                 1895       1       1       0   .abs_section_1895
     _CANIDMR2                                 1896       1       1       0   .abs_section_1896
     _CANIDMR3                                 1897       1       1       0   .abs_section_1897
     _CANIDAR4                                 1898       1       1       0   .abs_section_1898
     _CANIDAR5                                 1899       1       1       0   .abs_section_1899
     _CANIDAR6                                 189A       1       1       0   .abs_section_189a
     _CANIDAR7                                 189B       1       1       0   .abs_section_189b
     _CANIDMR4                                 189C       1       1       0   .abs_section_189c
     _CANIDMR5                                 189D       1       1       0   .abs_section_189d
     _CANIDMR6                                 189E       1       1       0   .abs_section_189e
     _CANIDMR7                                 189F       1       1       0   .abs_section_189f
     _CANRIDR                                  18A0       4       4       0   .abs_section_18a0
     _CANRDSR0                                 18A4       1       1       0   .abs_section_18a4
     _CANRDSR1                                 18A5       1       1       0   .abs_section_18a5
     _CANRDSR2                                 18A6       1       1       0   .abs_section_18a6
     _CANRDSR3                                 18A7       1       1       0   .abs_section_18a7
     _CANRDSR4                                 18A8       1       1       0   .abs_section_18a8
     _CANRDSR5                                 18A9       1       1       0   .abs_section_18a9
     _CANRDSR6                                 18AA       1       1       0   .abs_section_18aa
     _CANRDSR7                                 18AB       1       1       0   .abs_section_18ab
     _CANRDLR                                  18AC       1       1       0   .abs_section_18ac
     _CANRTSR                                  18AE       2       2       0   .abs_section_18ae
     _CANTIDR                                  18B0       4       4       0   .abs_section_18b0
     _CANTDSR0                                 18B4       1       1       0   .abs_section_18b4
     _CANTDSR1                                 18B5       1       1       0   .abs_section_18b5
     _CANTDSR2                                 18B6       1       1       0   .abs_section_18b6
     _CANTDSR3                                 18B7       1       1       0   .abs_section_18b7
[...]
     _LAND_k_is_k_and_j                        2DB1      1F      31       0   .text       
     _LOR_k_is_k_or_j                          2DD0      1F      31       0   .text       
     _LMUL_k_is_k_mul_j                        2DEF      81     129       0   .text       
     _LDIVMOD                                  2E70      A4     164       0   .text       
     _NEG_L_HX                                 2F14      13      19       0   .text       
     _ABS_L_HX                                 2F27       6       6       0   .text       
     _SPLITSIGN_L                              2F2D       A      10       0   .text       
     _LDIVS_k_is_k_div_j                       2F37      27      39       0   .text       
     _LCMP_k_rel_j                             2F5E      1F      31       0   .text       
     _LADD                                     2F7D       6       6       0   .text       
     _LSUB                                     2F83       6       6       0   .text       
     _LAND_RC                                  2F89       6       6       0   .text       
     _LOR                                      2F8F       6       6       0   .text       
     _LOR_RC                                   2F95       6       6       0   .text       
     _LMUL                                     2F9B       6       6       0   .text       
     _LDIVS                                    2FA1       6       6       0   .text       
     _LLSR                                     2FA7      16      22       0   .text       
     _LLSL                                     2FBD      16      22       0   .text       
     _LCMP                                     2FD3       6       6       0   .text       
     _LCMP_RC                                  2FD9       6       6       0   .text       
     _COPY                                     2FDF      30      48       0   .text       
     _POP32                                    300F      1A      26       0   .text       
     _SEXT16_32                                3029       D      13       0   .text       
     Channels                                  3036      10      16       0   .rodata     
     TRawData_Table                            3046      4E      78       0   .rodata     
     TData_Table                               3094      4E      78       0   .rodata     
     H2ConRawData_Table                        30E2       4       4       0   .rodata     
     H2ConData_Table                           30E6       4       4       0   .rodata     
     P_H2TankRawData_Table                     30EA       4       4       0   .rodata     
     P_H2TankData_Table                        30EE       4       4       0   .rodata     
     P_H2MidRawData_Table                      30F2       4       4       0   .rodata     
     P_H2MidData_Table                         30F6       4       4       0   .rodata     
     NVPROT_INIT                               FFBD       1       1       0   .abs_section_ffbd
     NVOPT_INIT                                FFBF       1       1       0   .abs_section_ffbf
     _vect                                     FFC0      40      64       0   .abs_section_ffc0

*********************************************************************************************
UNUSED-OBJECTS SECTION
---------------------------------------------------------------------------------------------
NOT USED PROCEDURES
ADCH_c.obj:
  ADCH_Enable ADCH_Disable ADCH_Measure 
CAN_c.obj:
  CAN_SetAcceptanceMode CAN_GetStateRX CAN_GetError CAN_SendFrame 
SPI_c.obj:
  SPI_CharsInRxBuf SPI_CharsInTxBuf 
TaskSchedule_c.obj:
  Task_TLE6232CMDsetProcess Task_ErrorDiagnosisProcess Set_ErrGrade 
rtshc08.o (ansiis.lib):
  _PUSH_ARGS_D _ENTER_UNARY_L64 _ENTER_UNARY_L64_4 _ENTER_BINARY_L_LC 
  _ENTER_BINARY_L64 _ENTER_BINARY_L64_LC _ENTER_BINARY_L64_RC _IDIVMOD 
  _SPLITSIGN _LXOR_k_is_k_xor_j _LMODU_k_is_k_mod_j _LDIVU_k_is_k_div_j 
  _LMODS_k_is_k_mod_j _CMP24_k_rel_j _BMULS _BDIVS _BMODS _IMUL_STAR08 
  _IDIVS_STAR08 _IDIVU_STAR08 _IMODS_STAR08 _IMODU_STAR08 _IDIVU_8 _IMODU_8 
  _IASR _ILSR _ILSL _ICMP _LINC _LDEC _LNEG _LNOT _LADD_RC _LSUB_LC _LSUB_RC 
  _LAND _LXOR _LXOR_RC _LMUL_RC _LDIVS_LC _LDIVS_RC _LDIVU _LDIVU_LC _LDIVU_RC 
  _LMODS _LMODS_LC _LMODS_RC _LMODU _LMODU_LC _LMODU_RC _LASR _PUSH_ARGS_24 
  _ENTER_BINARY_24_RC _ENTER_BINARY_24 _CMP24 _CMP24_RC _COPY_L _POP64 _STORE32 
  _STORE64 _SEXT8_32 _CALL_STAR08 _CALL_STAR08_FAR _Jump_Table_Addr 
  _Jump_Table_Offset _Jump_Table_Header_Addr _Jump_Table_Header_Offset 
  _Search_Table_16_Addr _Search_Table_16_Offset _Search_Table_8_Addr 
  _Search_Table_8_Offset _PUSH_CC _POP_CC _CONV_FAR_TO_NEAR _CONV_FAR_TO_LINEAR 
  _CONV_LINEAR_TO_FAR 
NOT USED VARIABLES
SysParameters_c.obj:
  HCU_ErrorCode 
TaskSchedule_c.obj:
  TLE_ON_count.1 TLE_OFF_count.2 
rtshc08.o (ansiis.lib):
  _PowOfTwo_8 _PowOfTwo_16 _PowOfTwo_32 errno 

*********************************************************************************************
COPYDOWN SECTION
---------------------------------------------------------------------------------------------
------- ROM-ADDRESS: 0x30FA ---- SIZE       4 ---
Filling bytes inserted
 000C00A0
------- ROM-ADDRESS: 0x30FE ---- RAM-ADDRESS: 0xA0 ---- SIZE       8 ---
Name of initialized Object : CAN_TXD_ID
 18FF201018 FF2020
------- ROM-ADDRESS: 0x3106 ---- SIZE       1 ---
Filling bytes inserted
 00
------- ROM-ADDRESS: 0x3107 ---- RAM-ADDRESS: 0xA9 ---- SIZE       3 ---
Name of initialized Object : CAN_RXD_ID:1
 FF2001
------- ROM-ADDRESS: 0x310A ---- SIZE       2 ---
Filling bytes inserted
 0000

*********************************************************************************************
OBJECT-DEPENDENCIES SECTION
---------------------------------------------------------------------------------------------
_EntryPoint               USES _SOPT1 _SOPT2 _SPMSC1 _SPMSC2 _MCGTRM _MCGSC 
                                _MCGC2 _MCGC1 _MCGC3 _Startup _SRS 
PE_low_level_init         USES _APCTL1 _APCTL2 _PTED _PTEPE _PTEDD _PTDD 
                                _PTDPE _PTDDD _PTCPE _PTCDD _PTGD _PTGPE _PTGDD 
                                _PTASE _PTBSE _PTCSE _PTDSE _PTESE _PTFSE _PTGSE 
                                _PTADS _PTBDS _PTCDS _PTDDS _PTEDS _PTFDS _PTGDS 
                                CAN_Init _SRS ADCH_Init SPI_Init TI_1ms_Init 
                                TI_10ms_Init CCR_lock 
ADCH_OnEnd                USES TaskFlags ADCH_Stop InnerFalutFlags 
CAN_OnFreeTxBuffer        USES PrtCANTXD CAN_OnFreeTxBuffer Msg_CAN_TXD 
                                _LOR_RC CAN_SendFrameExt watchpoint _CANTIER 
CAN_OnFullRxBuffer        USES CANDownLoad 
CAN_OnBusOff              USES CAN_Init CANMsgBuffersConfig 
TI_1ms_OnInterrupt        USES Timer_CAN TaskFlags TI_1ms_Disable 
TI_10ms_OnInterrupt       USES Timer_100ms TaskFlags 
main                      USES PE_low_level_init SysInit 
                                StateMachineManagement TaskSchedule _SRS 
Init                      USES _startupData loadByte 
_Startup                  USES __SEG_END_SSTACK Init main 
ADCH_Interrupt            USES ModeFlg _ADCR ADCH_Interrupt SumChan ADCH_SumV 
                                SumCnt OutFlg ADCH_OutV ADCH_OnEnd Channels _ADCSC1 
ClrSumV                   USES ADCH_SumV 
ADCH_HWEnDi               USES EnUser ModeFlg SumCnt OutFlg SumChan ClrSumV 
                                Channels _ADCSC1 
ADCH_Start                USES EnUser ModeFlg ADCH_HWEnDi 
ADCH_Stop                 USES ModeFlg _ADCSC1 
ADCH_GetValue             USES OutFlg ADCH_GetValue ADCH_OutV 
ADCH_Init                 USES _ADCSC1 _ADCSC2 EnUser OutFlg ModeFlg _ADCCFG 
                                ADCH_HWEnDi 
CAN_SetAcceptanceCode     USES CCR_lock CCR_reg _CANCTL0 _CANCTL1 _CANIDAR3 
                                _CANIDAR2 _CANIDAR1 _CANIDAR0 _CANIDAR7 _CANIDAR6 
                                _CANIDAR5 _CANIDAR4 _CANRFLG _CANRIER 
CAN_SendFrameExt          USES _LCMP_RC CCR_lock CCR_reg _CANTFLG 
                                CAN_SendFrameExt _CANTBSEL _CANTIDR _CANTIER _LAND_RC _LLSL 
                                _LOR_RC _LOR _POP32 _CANTDLR 
CAN_ReadFrame             USES SerFlag CAN_ReadFrame _CANRIDR _LLSR _LAND_RC 
                                _LOR _LOR_RC _POP32 _CANRDLR _CANRDSR0 
CAN_Init                  USES _CANCTL1 _CANCTL0 _CANIDAC _CANIDAR0 _CANIDAR1 
                                _CANIDAR2 _CANIDAR3 _CANIDAR4 _CANIDAR5 _CANIDAR6 
                                _CANIDAR7 _CANIDMR0 _CANIDMR1 _CANIDMR2 _CANIDMR3 
                                _CANIDMR4 _CANIDMR5 _CANIDMR6 _CANIDMR7 _CANBTR0 
                                _CANBTR1 _CANRFLG _CANRIER 
CAN_SetAcceptanceMask     USES CCR_lock CCR_reg _CANCTL0 _CANCTL1 _CANIDMR3 
                                _CANIDMR2 _CANIDMR1 _CANIDMR0 _CANIDMR7 _CANIDMR6 
                                _CANIDMR5 _CANIDMR4 _CANRFLG _CANRIER 
CAN_InterruptTx           USES _CANTIER _CANTFLG CAN_OnFreeTxBuffer 
CAN_InterruptRx           USES SerFlag ErrFlag CAN_OnFullRxBuffer _CANRFLG 
CAN_InterruptError        USES _CANRFLG ErrFlag CAN_OnBusOff 
SPI_Init                  USES _SPIS _SPID _SPIBR _SPIC2 _SPIC1 
TI_10ms_Init              USES _TPM2SC _TPM2C0SC _TPM2C0V _TPM2MOD _TPM2CNT 
TI_10ms_Interrupt         USES _TPM2C0SC TI_10ms_OnInterrupt 
HWEnDi                    USES EnUser _RTCSC 
TI_1ms_Enable             USES EnUser HWEnDi 
TI_1ms_Disable            USES EnUser HWEnDi 
TI_1ms_Init               USES _RTCSC EnUser _RTCMOD HWEnDi 
TI_1ms_Interrupt          USES _RTCSC TI_1ms_OnInterrupt 
StateMachineManagement    USES HCUStatus 
SysParametersInit         USES HCUStatus InnerFalutFlags TaskFlags 
                                SystemADData_Int CANMsgBuffersConfig TLECMD TLECMDTarget 
                                TLEFault1 TLEFault2 TLEErrFlag_1 TLEErrFlag_2 
SysInit                   USES SysParametersInit CAN_SetAcceptanceCode 
                                CAN_SetAcceptanceMask _PTGD ADCH_Start InnerFalutFlags 
CANMsgBuffersConfig       USES Msg_CAN_TXD CAN_TXD_ID _COPY Msg_CAN_RXD 
                                CAN_RXD_ID 
SystemADData_Int          USES SYSTEM_AD_DATA 
TaskSchedule              USES TaskFlags Task_ADCHSProcess 
                                Task_TLE6232UpdateProcess Task_CANTXD_Process Task_FCUCMD_Process 
Task_ADCHSProcess         USES ADCHRawData ADCH_GetValue InnerFalutFlags 
                                Calc_ADData_NTC SYSTEM_AD_DATA Calc_ADData_H2Con 
                                Calc_ADData_P_H2Tank Calc_ADData_P_H2Mid ADCH_Stop ADCH_Init 
                                ADCH_Start TaskFlags 
Calc_ADData_NTC           USES TRawData_Table TData_Table AD_Lagrange 
Calc_ADData_H2Con         USES H2ConRawData_Table H2ConData_Table AD_Lagrange 
Calc_ADData_P_H2Tank      USES P_H2TankRawData_Table P_H2TankData_Table 
                                AD_Lagrange 
Calc_ADData_P_H2Mid       USES P_H2MidRawData_Table P_H2MidData_Table 
                                AD_Lagrange 
AD_Lagrange               USES AD_Lagrange _SEXT16_32 _LSUB _LMUL _LDIVS _LADD 
                                _POP32 _COPY 
TLE_SPI_SendCMD           USES _PTDD _PTED TLE_SPI_SendCMD _SPIS _SPID 
                                InnerFalutFlags 
Task_TLE6232UpdateProcess USES _PTDD TLEFault1 _PTCD TLEFault2 TLE_SPI_SendCMD 
                                TLEErrFlag_1 TLECMD TLEErrFlag_2 TaskFlags 
Task_CANTXD_Process       USES CANTXD_MsgBufferUpdate _CANTIER TaskFlags 
CANTXD_MsgBufferUpdate    USES SYSTEM_AD_DATA Msg_CAN_TXD HCUStatus 
CANDownLoad               USES tempCANMSG.3 CAN_ReadFrame Msg_CAN_RXD _LCMP 
                                TI_1ms_Enable TaskFlags 
Task_FCUCMD_Process       USES Msg_CAN_RXD TLECMDTarget TaskFlags 
_ENTER_BINARY_L           USES _PUSH_ARGS_L 
_ENTER_BINARY_L_RC        USES _PUSH_ARGS_L 
_LMUL_k_is_k_mul_j        USES _k_is_k_plus_j_l _k_is_k_plus_j_i 
_ABS_L_HX                 USES _NEG_L_HX 
_SPLITSIGN_L              USES _ABS_L_HX 
_LDIVS_k_is_k_div_j       USES _SPLITSIGN_L _LDIVMOD _NEG_L_HX 
_LADD                     USES _ENTER_BINARY_L _LADD_k_is_k_plus_j 
_LSUB                     USES _ENTER_BINARY_L _LSUB_k_is_k_minus_j 
_LAND_RC                  USES _ENTER_BINARY_L_RC _LAND_k_is_k_and_j 
_LOR                      USES _ENTER_BINARY_L _LOR_k_is_k_or_j 
_LOR_RC                   USES _ENTER_BINARY_L_RC _LOR_k_is_k_or_j 
_LMUL                     USES _ENTER_BINARY_L _LMUL_k_is_k_mul_j 
_LDIVS                    USES _ENTER_BINARY_L _LDIVS_k_is_k_div_j 
_LLSR                     USES _ENTER_UNARY_L 
_LLSL                     USES _ENTER_UNARY_L 
_LCMP                     USES _ENTER_BINARY_L _LCMP_k_rel_j 
_LCMP_RC                  USES _ENTER_BINARY_L_RC _LCMP_k_rel_j 
_vect                     USES Cpu_Interrupt CAN_InterruptTx CAN_InterruptRx 
                                CAN_InterruptError TI_1ms_Interrupt ADCH_Interrupt 
                                TI_10ms_Interrupt _EntryPoint 

*********************************************************************************************
DEPENDENCY TREE
*********************************************************************************************
 main and _Startup Group
 | 
 +- main                
 |  | 
 |  +- PE_low_level_init   
 |  |  | 
 |  |  +- CAN_Init            
 |  |  |    
 |  |  +- ADCH_Init           
 |  |  |  | 
 |  |  |  +- ADCH_HWEnDi         
 |  |  |     | 
 |  |  |     +- ClrSumV             
 |  |  |          
 |  |  +- SPI_Init            
 |  |  |    
 |  |  +- TI_1ms_Init         
 |  |  |  | 
 |  |  |  +- HWEnDi              
 |  |  |       
 |  |  +- TI_10ms_Init        
 |  |       
 |  +- SysInit             
 |  |  | 
 |  |  +- SysParametersInit   
 |  |  |  | 
 |  |  |  +- SystemADData_Int    
 |  |  |  |    
 |  |  |  +- CANMsgBuffersConfig 
 |  |  |     | 
 |  |  |     +- _COPY               
 |  |  |          
 |  |  +- CAN_SetAcceptanceCode
 |  |  |    
 |  |  +- CAN_SetAcceptanceMask
 |  |  |    
 |  |  +- ADCH_Start          
 |  |     | 
 |  |     +- ADCH_HWEnDi          (see above)
 |  |        
 |  +- StateMachineManagement
 |  |    
 |  +- TaskSchedule        
 |     | 
 |     +- Task_ADCHSProcess   
 |     |  | 
 |     |  +- ADCH_GetValue       
 |     |  |    
 |     |  +- Calc_ADData_NTC     
 |     |  |  | 
 |     |  |  +- AD_Lagrange         
 |     |  |     | 
 |     |  |     +- _SEXT16_32          
 |     |  |     |    
 |     |  |     +- _LSUB               
 |     |  |     |  | 
 |     |  |     |  +- _ENTER_BINARY_L     
 |     |  |     |  |  | 
 |     |  |     |  |  +- _PUSH_ARGS_L        
 |     |  |     |  |       
 |     |  |     |  +- _LSUB_k_is_k_minus_j
 |     |  |     |       
 |     |  |     +- _LMUL               
 |     |  |     |  | 
 |     |  |     |  +- _ENTER_BINARY_L      (see above)
 |     |  |     |  |  
 |     |  |     |  +- _LMUL_k_is_k_mul_j  
 |     |  |     |     | 
 |     |  |     |     +- _k_is_k_plus_j_l    
 |     |  |     |     |    
 |     |  |     |     +- _k_is_k_plus_j_i    
 |     |  |     |          
 |     |  |     +- _LDIVS              
 |     |  |     |  | 
 |     |  |     |  +- _ENTER_BINARY_L      (see above)
 |     |  |     |  |  
 |     |  |     |  +- _LDIVS_k_is_k_div_j 
 |     |  |     |     | 
 |     |  |     |     +- _SPLITSIGN_L        
 |     |  |     |     |  | 
 |     |  |     |     |  +- _ABS_L_HX           
 |     |  |     |     |     | 
 |     |  |     |     |     +- _NEG_L_HX           
 |     |  |     |     |          
 |     |  |     |     +- _LDIVMOD            
 |     |  |     |     |    
 |     |  |     |     +- _NEG_L_HX            (see above)
 |     |  |     |        
 |     |  |     +- _LADD               
 |     |  |     |  | 
 |     |  |     |  +- _ENTER_BINARY_L      (see above)
 |     |  |     |  |  
 |     |  |     |  +- _LADD_k_is_k_plus_j 
 |     |  |     |       
 |     |  |     +- _POP32              
 |     |  |     |    
 |     |  |     +- _COPY                (see above)
 |     |  |        
 |     |  +- Calc_ADData_H2Con   
 |     |  |  | 
 |     |  |  +- AD_Lagrange          (see above)
 |     |  |     
 |     |  +- Calc_ADData_P_H2Tank
 |     |  |  | 
 |     |  |  +- AD_Lagrange          (see above)
 |     |  |     
 |     |  +- Calc_ADData_P_H2Mid 
 |     |  |  | 
 |     |  |  +- AD_Lagrange          (see above)
 |     |  |     
 |     |  +- ADCH_Stop           
 |     |  |    
 |     |  +- ADCH_Init            (see above)
 |     |  |  
 |     |  +- ADCH_Start           (see above)
 |     |     
 |     +- Task_TLE6232UpdateProcess
 |     |  | 
 |     |  +- TLE_SPI_SendCMD     
 |     |       
 |     +- Task_CANTXD_Process 
 |     |  | 
 |     |  +- CANTXD_MsgBufferUpdate
 |     |       
 |     +- Task_FCUCMD_Process 
 |          
 +- _EntryPoint         
    | 
    +- _Startup            
       | 
       +- Init                
       |  | 
       |  +- loadByte            
       |       
       +- main                 (see above)
          
 _vect               
 | 
 +- Cpu_Interrupt       
 |    
 +- CAN_InterruptTx     
 |  | 
 |  +- CAN_OnFreeTxBuffer  
 |     | 
 |     +- _LOR_RC             
 |     |  | 
 |     |  +- _ENTER_BINARY_L_RC  
 |     |  |  | 
 |     |  |  +- _PUSH_ARGS_L         (see above)
 |     |  |     
 |     |  +- _LOR_k_is_k_or_j    
 |     |       
 |     +- CAN_SendFrameExt    
 |        | 
 |        +- _LCMP_RC            
 |        |  | 
 |        |  +- _ENTER_BINARY_L_RC   (see above)
 |        |  |  
 |        |  +- _LCMP_k_rel_j       
 |        |       
 |        +- _LAND_RC            
 |        |  | 
 |        |  +- _ENTER_BINARY_L_RC   (see above)
 |        |  |  
 |        |  +- _LAND_k_is_k_and_j  
 |        |       
 |        +- _LLSL               
 |        |  | 
 |        |  +- _ENTER_UNARY_L      
 |        |       
 |        +- _LOR_RC              (see above)
 |        |  
 |        +- _LOR                
 |        |  | 
 |        |  +- _ENTER_BINARY_L      (see above)
 |        |  |  
 |        |  +- _LOR_k_is_k_or_j     (see above)
 |        |     
 |        +- _POP32               (see above)
 |           
 +- CAN_InterruptRx     
 |  | 
 |  +- CAN_OnFullRxBuffer  
 |     | 
 |     +- CANDownLoad         
 |        | 
 |        +- CAN_ReadFrame       
 |        |  | 
 |        |  +- _LLSR               
 |        |  |  | 
 |        |  |  +- _ENTER_UNARY_L       (see above)
 |        |  |     
 |        |  +- _LAND_RC             (see above)
 |        |  |  
 |        |  +- _LOR                 (see above)
 |        |  |  
 |        |  +- _LOR_RC              (see above)
 |        |  |  
 |        |  +- _POP32               (see above)
 |        |     
 |        +- _LCMP               
 |        |  | 
 |        |  +- _ENTER_BINARY_L      (see above)
 |        |  |  
 |        |  +- _LCMP_k_rel_j        (see above)
 |        |     
 |        +- TI_1ms_Enable       
 |           | 
 |           +- HWEnDi               (see above)
 |              
 +- CAN_InterruptError  
 |  | 
 |  +- CAN_OnBusOff        
 |     | 
 |     +- CAN_Init             (see above)
 |     |  
 |     +- CANMsgBuffersConfig  (see above)
 |        
 +- TI_1ms_Interrupt    
 |  | 
 |  +- TI_1ms_OnInterrupt  
 |     | 
 |     +- TI_1ms_Disable      
 |        | 
 |        +- HWEnDi               (see above)
 |           
 +- ADCH_Interrupt      
 |  | 
 |  +- ADCH_OnEnd          
 |     | 
 |     +- ADCH_Stop            (see above)
 |        
 +- TI_10ms_Interrupt   
 |  | 
 |  +- TI_10ms_OnInterrupt 
 |       
 +- _EntryPoint          (see above)
    
*********************************************************************************************
STATISTIC SECTION
---------------------------------------------------------------------------------------------

ExeFile:
--------
Number of blocks to be downloaded: 0
Total size of all blocks to be downloaded: 0

